The Temptation of Saint Anthony is distributed by the Star Film Company.
Mary Cunningham Boyce is the Dean of the Fu Foundation School of Engineering and Applied Science at Columbia University.
Walk Through This World with the Folk Implosion is an EP by The Folk Implosion.
Monitise Plc was a British company in financial services technology.
John Tyler Haight ( October 15 , 1841 -- December 3 , 1892 ) was an American Democratic Party politician from New Jersey, who served on the Colts Neck Township Committee, the Monmouth County, New Jersey Board of Chosen Freeholders and as Monmouth County Clerk.
Narendra Kumar Swain is an Indian politician from the Odisha state.
Democratic Party of Nigeria and the Cameroons was a Nigerian political party formed in August 1958 .
Annette Mary Eleanor Jane Clifford ( 5 November 1881 -- 28 April 1968 ) was a New Zealand property owner.
Soos was a mythological king of Sparta.
Tournier v National Provincial and Union Bank of England was a landmark legal case in the United Kingdom.
The Man from Mexico is a 1914 silent film produced by the Famous Players Film Company and Daniel Frohman.
Louis Theroux: Gambling in Las Vegas is a TV documentary written and presented by Louis Theroux.
Deep Sea Recovery Efforts is an studio album by American musician and former Blue's Clues host Steve Burns.
Area code 268  is the telephone area code of Antigua and Barbuda.
The Church of St. John the Baptist, Stanford on Soar is a parish church in the Church of England in Stanford on Soar, Nottinghamshire.
Jacob Jake Featherston is a fictional character in the Southern Victory Series novel series by Harry Turtledove.
The  1979 Canada rugby union tour of England, Wales and France was a series of matches played by the Canada national rugby union team in England, Wales and France in 1979 .
The Best Horror of the Year: Volume Two is a horror fiction anthology edited by Ellen Datlow that was published on March 10 , 2010 .
Leif Fredriksson a Swedish drummer.
Possessing the Secret of Joy is a 1992 novel by Alice Walker.
Escape from New York is a 1981 post-apocalyptic action film directed by John Carpenter.
The London Film Critics Circle Award for Actress of the Year in an annual award given by the London Film Critics' Circle.
Cliff House is a hotel in the Manitou Springs Historic District, Colorado.
The Spy Who Loved Me is the soundtrack for the tenth James Bond The Spy Who Loved Me.
A Streetcar Named Desire is a play written by Tennessee Williams that opened on December 3 , 1947 .
The River of Stars is a 1921 British silent adventure film directed by Floyd Martin Thornton and starring Teddy Arundell and Harry Agar Lyons.
Code Red II is a computer worm.
The Metropolitan Washington Airports Authority Fire & Rescue Department is a special service fire department responsible for Ronald Reagan Washington National Airport and Washington Dulles International Airport in the Washington metropolitan area.
The North Wales International Music Festival is a classical music festival founded by William Mathias in 1972 and held annually in St Asaph Cathedral in north Wales.
Nicky Gillibrand is a theatrical costume designer who was nominated for the Tony Award for Best Costume Design for Billy Elliot the Musical.
The Story of a Modern Woman is a novel written by English author Ella Hepworth Dixon.
A sergeant of the Light Horse is a  1920  painting by Australian artist George Washington Lambert.
The Girl Who Saved the King of Sweden is a Swedish novel written by Jonas Jonasson.
Los Lonely Boys: Cottonfields and Crossroads is a documentary feature film by independent filmmaker Hector Galán.
House of Yes: Live from House of Blues is a double live CD by progressive rock band Yes.
Cool Boarders Pocket is a snowboarding video game developed by UEP Systems and published by SNK Playmore for the Neo Geo Pocket Color.
Amazon Fire TV is a digital media player and is developed by Amazon.
Love, Death and the Lady is an album by Shirley and Dolly Collins.
The Master of Economics is a postgraduate master's degree in economics.
Mission from Mount Yoda is the fourth book of the Jedi Prince series by Paul Davids and Hollace Davids, and was released in February 1993 .
A Short Walk in the Hindu Kush is a  1958 book by the English travel writer Eric Newby.
Les chroniques du Wati Boss is a compilation album series.
Portrait of Abraham de Potter, Amsterdam Silk Merchant is a 1649 portrait painting by Carel Fabritius.
Finca Cincuenta y Uno is a town in the Bocas del Toro Province of Panama.
Route 341 is located in in Newfoundland and Labrador.
Sally L. Wood is an engineer at Santa Clara University.
The Very Persistent Gappers of Frip is short story writer and novelist George Saunders’s book.
Earl H. Smith ( June 8 , 1909 -- June 15 , 1987 ) was a Republican member of the Pennsylvania House of Representatives.
...And a Little Pleasure is an album by saxophonist J. R. Monterose and pianist Tommy Flanagan.
City Lights is a compilation album by Lou Reed.
Charles René Zeiller ( 14 January 1847 , in Nancy 27 November 1915 , in Paris ) was a French mining engineer and paleobotanist.
Jack and Jill vs. the World is a film by Vanessa Parise.
Quiet Storms: Romances for Flute and Harp is a 1988 New Age album by Michael Hoppé.
Rooster in My Rari is a song by American rapper Waka Flocka Flame from his second studio album, Triple F Life: Friends, Fans & Family ( 2012 ) .
Section 116 of the Constitution of Australia is a chapter of the Constitution of Australia.
Men of Skagen on a Summer Evening in Fair Weather is an 1848 painting by Martinus Rørbye.
The 1995 FIRA Women's European Championship was an official FIRA championship.
Buldana Urban Cooperative Credit Society was formed on 15 August 1986 .
Aquatics at the 1985 Southeast Asian Games was held in 1985.
A Boy Born from Mold and Other Delectable Morsels is a book of children’s short stories by Lorin Morgan-Richards.
Taken for a Ride is a documentary film by Martha Olson and Jim Klein.
Quel fantasma di mio marito is a  1950  Italian film directed by Camillo Mastrocinque.
Kirk Matthew Bullinger ( born October 28 , 1969 ) is a former middle relief pitcher in Major League Baseball who played for the Montreal Expos , Boston Red Sox , Philadelphia Phillies and Houston Astros.
Herman Wilhelm Bissen ( 13 October 1798 -- 10 March 1868 ) was a Danish sculptor.
The River Clodiagh is a small river which rises in Lough Coumduala in the Comeragh Mountains in north County Waterford.
The Law vs. Billy the Kid is a 1954 Western film starring Scott Brady.
Operation Jumelles was a military operation which was part of the Algerian War in Kabylia, Algeria.
The Complete Ella Fitzgerald & Louis Armstrong on Verve is a 1997 compilation album of recordings made by Ella Fitzgerald and Louis Armstrong .
We Come in Peace with a Message of Love is a 1985 album by Curtis Mayfield.
Love Brewed in the African Pot is a 1980 Ghanaian film directed by Kwaw Ansah.
The Swedish National Board of Health and Welfare is a Swedish government agency.
The Diary of Ellen Rimbauer: My Life at Rose Red is a 2001 horror novel by Ridley Pearson.
A Good Scent from a Strange Mountain is a 1992 collection of short stories by Robert Olen Butler.
George Churchill Kenney ( 6 August 1889 -- 9 August 1977 ) was a United States Army Air Forces general during World War II.
Badminton at the  2017 Summer Deaflympics took place at the Bafra Sports Hall.
Point Blank: Guns and Violence in America is a book in the United States by Florida State University criminologist Gary Kleck.
Where Light was Created: The Equidivium is an album by The Lost Children of Babylon.
Rip Foster Rides the Gray Planet is a young adult science fiction novel written by Harold L. Goodwin.
Cyril Edward Evans was born 10 January 1896 in Christchurch and died 13 May 1975 in Christchurch.
Spike and Dru: Pretty Maids All in a Row is an horror novel.
Blood Orgy of the She Devils is a 1973 American film directed by Ted V. Mikels.
Betrayal from the East is a 1945 spy film starring Lee Tracy and Nancy Kelly.
Hur mycket jag än tar finns alltid lite kvar is a 2006 album from Swedish pop group Raymond & Maria.
The Man, the King, the Girl is Deerhoof's album.
Benjamin Lewis Rice ( 17 July 1837 -- July 1927 ) , was a British historian, archaeologist and educationist.
Adar Poonawalla ( born 14 January 1981 ) the chief executive officer ( CEO ) of Serum Institute of India.
Marcus Clarke was an Australian novelist best known for writing For the Term of His Natural Life.
Area codes 916 and 279  are California telephone area codes that serve part of the Sacramento metropolitan area in Northern California.
Wilhelmus Frederik van Leeuwen ( 18 April 1860 -- 6 September 1930 ) was a Dutch politician and Mayor of Amsterdam.
The Garth Brooks Collection is a compilation album of American country pop artist Garth Brooks.
A Collection of Songs Written and Recorded 1995 -- 1997  is the debut album by Bright Eyes.
Scoglio Torre della Scuola Lighthouse is an active lighthouse located in the Gulf of La Spezia.
Die seltsamen Methoden des Franz Josef Wanninger is a German television series.
Savvy & Mandy are a country pop duo from Southern California in the United States.
The Beaumont St. Louis and San Francisco Railroad Water Tank is a railroad water tank constructed in 1875 , in Beaumont, Kansas.
The Immaculate Heart of Mary Cathedral is the cathedral of the Roman Catholic Diocese of Saint Joseph at Irkutsk.
The North Star Grassman and the Ravens is a 1971 album by folk rock singer-songwriter Sandy Denny.
You, Me and the Alarm Clock is a solo mini-LP by John Bramwell .
Peter and the Piskies: Cornish Folk and Fairy Tales is a 1958 anthology of 34 fairy tales from Cornwall that have been collected and retold by Ruth Manning-Sanders and illustrated by Raymond Briggs.
Kathleen Hawk Sawyer was a female director of the United States Federal Bureau of Prisons.
Zayn al-Din Omar Savaji was a Persian philosopher and logician.
Azerbaijan National Museum of Art is an art museum of Azerbaijan.
Sarah Siddons as the Tragic Muse is a 1784 oil painting by Joshua Reynolds.
Jonathan Reckford is an American businessman and chief executive officer of Habitat for Humanity International.
QSI International School of Sarajevo is an international school in Sarajevo, Bosnia and Herzegovina.
Four Crowned Martyrs is a sculptural group by Nanni di Banco.
Off the Grid: Life on the Mesa is a 2007 documentary written and directed by Jeremy Stulberg and Randy Stulberg.
Thoughts That Float on a Different Blood is a cover album by Dustin Kensrue.
Living in a Giant Candle Winking at God is the debut album by the Transit Kings.
The Feinstein Institutes for Medical Research comprise the research arm of Northwell Health.
The wild Hunt of Odin is an 1872 painting by Peter Nicolai Arbo.
Edward Barto Gallagher was a professional American football player for the New York Yankees.
Jing Kevin Chen is an electrical engineer at the Hong Kong University of Science and Technology in Hong Kong.
For the Good Times is a 1971 studio album by Dean Martin arranged by Ernie Freeman and produced by Jimmy Bowen.
Terah Lyons is the Executive Director of the Partnership on AI and was a Policy Advisor to the United States Chief Technology Office.
The One Above All, The End Of All That Is is a release by the mathcore band Curl Up and Die.
Sweet Talk and Good Lies is an album by Heather Myles.
Tiotusen röda rosor is a song written by Thore Skogman.
Boggy Depot is the debut solo album by Alice in Chains guitarist and vocalist Jerry Cantrell.
The Turkmen National Theatre of Youth named after Alp Arslan is located on Archabil avenue of Ashgabat.
The Composer of Desafinado, Plays is the first album by Antônio Carlos Jobim.
Miss Indonesia 2005  is one of the Miss Indonesia contest.
Jeff Stec is an entrepreneur and NASCAR team owner.
Johann Christian Friedrich Steudel ( 25 October 1779 , in Esslingen am Neckar 24 October 1837 , in Tübingen ) was a German Lutheran theologian.
The University of Alaska Museum of the North is housed on the University of Alaska Fairbanks campus.
Werewolf: The Apocalypse is a role-playing game from the Classic World of Darkness line by White Wolf Publishing.
Love and Peace: A Tribute to Horace Silver is a 1995 studio album by Dee Dee Bridgewater.
The Belfast Gazette, along with The London Gazette and The Edinburgh Gazette, is an official newspaper of the United Kingdom government.
Gozo and Comino District is a statistical district in Malta.
Painting credit: John TrumbullThe Sortie Made by the Garrison of Gibraltar, 1789 , a painting by American artist John Trumbull.
The Seventh Day Adventist Nurses Training College is public tertiary health institution in Kumasi in the Ashanti Region of Ghana.
Hunter Planet: The All Australian Role Playing Game is a role-playing game published by HPAC Pty.
The Munich Virgin Annunciate is a painting by the Italian Renaissance artist Antonello da Messina.
Sher Bahadur Tamang is a member of the Federal Parliament of Nepal.
George Henry Gisborne Varley ( 7 April 1852 — 28 April 1936 ) was an Australian politician.
Tracey  Meares is the Walton Hale Hamilton Professor of Law at Yale Law School.
A New Philosophy of Society: Assemblage Theory and Social Complexity is a 2006 book by Manuel DeLanda.
Blackpool Pleasure Beach railway station serves the Blackpool Pleasure Beach.
Città di Montesilvano Calcio a 5  is a futsal club based in Montesilvano, Italy.
Pretty When You Cry is 2001 erotic thriller directed by Jack N. Green.
The Fergus Falls Regional Treatment Center is a former hospital located in Fergus Falls, Minnesota.
The No Religious Test Clause of the United States Constitution is a clause within Article VI  .
The Chief Minister of the Australian Capital Territory is the head of the Australian Capital Territory.
The Concerto for Two Pianos and Orchestra in A-flat major was written by Felix Mendelssohn.
How to Save a Marriage and Ruin Your Life is a 1968 film directed by Fielder Cook.
Belleplain State Forest is a New Jersey State Forest in Cape May County and Cumberland County.
The Gender Knot: Unraveling our Patriarchal Legacy is a 1997 book by Allan G. Johnson.
Avalanche Peak is a peak in the Arthur's Pass National Park in New Zealand.
Steffen Kailitz ( born 18 May 1969 ) is a German political scientist at the Hannah Arendt Institute for Research on Totalitarianism.
Hoot N Holler is a steel family roller coaster at Six Flags Darien Lake in New York.
You Too Can Have a Body Like Mine is the 2015 debut novel by Alexandra Kleeman.
The 50 Greatest Pieces of Classical Music is a selection of classical works recorded by the London Philharmonic Orchestra.
John Calvert Griffiths was the Attorney General of Hong Kong.
Port Loyola Calvary Chapel is a Calvary Chapel in Belize, Belize.
The Avenger of Venice is a 1964 adventure film written and directed by Pierro Pierotti and Carlo Campogalliani and starring Brett Halsey and Gianna Maria Canale.
Encuentros muy cercanos con señoras de cualquier tipo is a  1978  Argentine film.
The 1993 FIVB Volleyball Men's World Grand Champions Cup was held in Japan from 23 to 28 November 1993 .
The Glory of the Duchy of Carniola is an encyclopedia published in Nuremberg in 1689 by the polymath Johann Weikhard von Valvasor.
Santa Fe Mysteries: Sacred Ground is a video game.
John Pizzarelli Salutes Johnny Mercer: Live at Birdland is a tribute album by John Pizzarelli.
This Crying, This Screaming, My Voice Is Being Born is the first EP by Delaware band Boysetsfire.
América del Pilar Rodrigo was an Argentinian botanist and explorer.
The Atlas of the British Flora is a book by Franklyn Perring.
La Fonderie, Brussels Museum of Industry and Labour is a museum of industrial history in Brussels, Belgium.
Novosibirsk Lavrentyev Lyceum 130  secondary school in Akademgorodok, Novosibirsk.
Eternal Love Winning Africa Hospital is a hospital in Liberia located in the capital city Monrovia.
Holden Snyder and Lily Walsh Snyder are fictional characters and the signature supercouple of the soap opera As the World Turns.
Tango Ya Ba Wendo  is a 1992 documentary film.
The West Briton is a local weekly newspaper.
I, being born a woman and distressed is a poem by American author Edna St. Vincent Millay.
The Ravva oil field is located in coastal Andhra Pradesh.
Seven Keys to Baldpate is a 1913 novel by Earl Derr Biggers.
The Great Banyan is a Ficus benghalensis  located in Acharya Jagadish Chandra Bose Indian Botanic Garden, India.
Broad Ripple Park Carousel is an antique carousel in The Children's Museum of Indianapolis.
The Igreja do Santo Cristo do Outeiro is a National monument of Portugal.
Xiaolongnü is the fictional female protagonist of the wuxia novel The Return of the Condor Heroes by Jin Yong.
The Batı Kozluca oil field is an oil field located in Batman, Batman Province, Southeastern Anatolia Region.
The House on the Strand is a novel by Daphne du Maurier.
Non esiste più la mezza stagione is an Italian television series.
The Kharkov Military District was a military district of the Russian Empire, the Russian Soviet Federative Socialist Republic, and the Soviet Union.
The Austrian Black and Tan Hound is a breed of dog originating in Austria.
The North Fork Sol Duc Shelter is located in Olympic National Park in Washington.
The Museum of Chinese Australian History is an Australian history museum located in Melbourne.
Burnt to Bitz: At the Astoria is a live album by Graham Coxon.
The Korsvoll Line is an abandoned line of the Oslo Tramway in Norway.
The episodes of the Japanese animated TV series Gankutsuou: The Count of Monte Cristo are directed by Mahiro Maeda and produced by Gonzo.
The Vermont Agency of Commerce and Community Development is a Vermont state agency.
The  20 th Field Artillery Regiment is a field artillery regiment of the United States constituted 1 July 1916.
The Diamond as Big as the Ritz is a novella by novelist F. Scott Fitzgerald.
Tomáš Bukovinský is a Slovak professional ice hockey player who played with HC Slovan Bratislava in Slovak.
Dharti Ka Veer Yodha Prithviraj Chauhan was an Indian historical drama broadcast on Star Plus.
The Two of Us: My Life with John Thaw is a 2004 biography written by British actress Sheila Hancock.
Mother & Child is an abstract sculpture by Sorel Etrog.
The Carlton Academy is a secondary school in Nottinghamshire.
The Movement for the Independence, Renaissance, and Integration of Africa is a political party in Mali.
Show Me Your Love was the Ukrainian representative at the Eurovision Song Contest 2006 , sung by Tina Karol.
The Four Elements of Architecture is a book by the German architect Gottfried Semper.
Richard J. Weibel was a magician and noted magic scholar.
Collège Pierre-Elliott-Trudeau is part of River East Transcona School Division in Winnipeg, Manitoba.
The Bush School of Government and Public Service is a graduate college of Texas A&M University.
The Commissioner for Financial Stability, Financial Services and Capital Markets Union is the member of the European Commission.
The Keys of the Kingdom is a  novel by A. J. Cronin.
Erdinç Balto is a Turkish professional basketball player who plays as a power forward for Uşak Sportif of the Turkish Basketball Super League.
Burying the Past: Legacy of the Mountain Meadows Massacre is a documentary film about the Mountain Meadows massacre.
Prien am Chiemsee station is the largest station of the Bavarian market town of Prien am Chiemsee.
Florida Beer Company is a brewery in Cape Canaveral, Florida.
The Dreams in the Witch House is a book by American author H. P. Lovecraft.
Ubavoj nam Crnoj Gori was the national and state anthem of the Kingdom of Montenegro.
The Invisible Empire: The Ku Klux Klan in Florida is a 2001 book about the Ku Klux Klan by Michael Newton.
Ça ne change pas un homme is a album recorded by French singer Johnny Hallyday.
Adidas Stan Smith is a tennis shoe made by Adidas.
Mingo y Aníbal, dos pelotazos en contra is a  1984  Argentine film.
Zhu Min ( born 1952 ) is a Chinese economist and is Deputy Managing Director of the International Monetary Fund.
Union Sportive des Forces Armées is a Burkinabé football club.
U-ka saegusa IN db IV ~Crystal na Kisetsu ni Miserarete~ is a studio album by Japanese group U-ka Saegusa in dB.
Cannibal Women in the Avocado Jungle of Death is a 1989 American comedy film directed by J. F. Lawton and starring Shannon Tweed and Bill Maher.
Plain Dealing Middle/High School is public school in Plain Dealing, Louisiana.
The Electronic Media Union of Trinidad and Tobago is a trade union.
One Night Only: Live is a Black 'N Blue live album.
Murdoch Cameron ( 31 March 1847 -- 28 April 1930 ) was Regius Professor of Obstetrics and Gynaecology at the University of Glasgow.
Mohammad Reza Hosseinzadeh was born in Ardabil city.
Chowdhury Fazlul Bari was a brigadier general of the Bangladesh Army.
Disabled skiing was a demonstration sport at the  1988 Winter Olympics.
Muine Bheag halt serves the town of Muine Bheag in County Carlow, Ireland.
The Royal Norfolk and Suffolk Yacht Club is a yacht club.
Hating America: The New World Sport is a book written by John Gibson, Fox News.
Knives to the Future is an album from Project 86 .
Matrishri Usha Jayaswal Mega Power Plant is a coal-fired power station in the state of Jharkhand, India.
The Good, The Bad, and the Funky is the fifth album of the Tom Tom Club.
Islam is a minority religion in the Netherlands Antilles.
My Heart Is a Drunken Compass is a 2014 memoir.
Miss Marie Lloyd: Queen of The Music Hall is a British television drama directed by James Hawes.
The episodes of the Japanese animated TV series Gankutsuou: The Count of Monte Cristo are directed by Mahiro Maeda and animated and produced by Gonzo.
José de Jesús Angulo del Valle y Navarro ( June 24 , 1888 − September 19 , 1966 ) was a Mexican Roman Catholic bishop.
Gaius Helen Mohiam is a fictional character in the Dune universe created by Frank Herbert.
Tell Us Only the Beautiful Things is an album by vibraphonist Walt Dickerson recorded in 1975 for the Japanese Whynot label.
General Pio del Pilar National High School is a public high school in Makati City.
Leoš Firkušný was a Czech musicologist.
Gitmo: The New Rules of War is a Swedish documentary about the Guantanamo Bay detention camp by Erik Gandini and Tarik Saleh.
The  2010 United Kingdom general election in Northern Ireland occurred on 6 May 2010 and all 18 seats in Northern Ireland were contested.
Best Worst Thing That Ever Could Have Happened is a 2016 documentary film directed by Lonny Price and produced by Bruce David Klein.
Stretch and Bobbito: Radio That Changed Lives is a 2015 documentary film directed by Bobbito García.
Dreamweapon: An Evening of Contemporary Sitar Music is a live album by Spacemen 3 .
The Northwest Territories Legislative Building is the home of the Government of the Northwest Territories of Canada.
The Museum of Modern Art ( Museo de Arte Moderno or M.A.M. )
A Woman Playing the Theorbo-Lute and a Cavalier is a painting by Dutch artist Gerard ter Borch the Younger.
Irna Narulita is an Indonesian politician.
Superman Returns: Fortress of Solitude is a puzzle video game, for the Game Boy Advance.
The University of Alaska Museum of the North is housed on the University of Alaska Fairbanks campus.
Maria do Nascimento da Graça Amorim is a diplomat and politician from São Tomé and Príncipe.
The Landels-Hill Big Creek Reserve is a constituent of the University of California Natural Reserve System.
Stanford Wong Flunks Big-Time is a novel by Lisa Yee.
Imam Khomeini Naval University of Noshahr is located in Noshahr, Mazandaran Province.
The Return of Elvis Du Pisanie is a play by South Africa's Paul Slabolepszy.
María del Carmen Iglesias Cano is a Spanish historian.
FC Nika Moscow is a Russian association football club from Moscow, founded in 1999 .
The Three Stigmata of Palmer Eldritch is a 1965 science fiction novel by Philip K. Dick.
Elizabeth Rowley is the current leader of the Communist Party of Canada.
Boyd Kjeld van der Vuurst de Vries ( born 16 August 1999 ) is a Dutch professional basketball player, who currently plays for Den Helder Suns of the Dutch Basketball League ( DBL ) .
Sumner Dam is a dam on the Pecos River in De Baca County in eastern New Mexico.
Volga State University of Water Transport ( VGUWT ) is a Russian educational institution funded by the Federal Agency for Maritime and River Transportation.
Empress Dowager Cixi: The Concubine Who Launched Modern China is a 2013 biography written by Jung Chang, published by Alfred A. Knopf.
Sonata Undine is a flute and piano sonata written by Carl Reinecke that is based on the novel Undine by Friedrich de la Motte Fouqué.
Keep in a Dry Place and Away From Children is a 1998 short film by Martin Davies and produced by bolexbrothers.
Ikot Akpan Obio Eket is a village in Akwa Ibom State.
Orchamus was a king of Assyria in Greek mythology.
Raja Gidh by Bano Qudsia is an Urdu novel.
Latin Pop Albums is a record chart published on Billboard magazine.
Christ on the Cross is a 1627 painting by Francisco de Zurbarán, now in the Art Institute of Chicago.
Jackie Joyner-Kersee Center is a St. Louis MetroLink station in East St. Louis, Illinois.
Welcome to the Jang House is a studio album by the Philadelphian rap group, Plastic Little.
Lillian Gish in a Liberty Loan Appeal is a 1918 American silent short film directed by D. W. Griffith.
An Essay on Man is a poem published by Alexander Pope.
Ursa Major I Dwarf ( UMa I dSph ) is a dwarf spheroidal galaxy orbiting the Milky Way galaxy.
The Remixes III: Mix Rice Plantation is the third remix album by Japanese duo Every Little Thing.
The End of the Beginning is a 1937 one-act play by Seán O'Casey.
Invisible Empire is the second studio album from Philadelphia hip-hop artist Reef the Lost Cauze.
Michael Chant is an English composer and political activist.
No One Is Too Small to Make a Difference is a 2019 book by Greta Thunberg.
Filho da Puta ( 14 April 1812 -- 25 August 1835 ) was a British Thoroughbred racehorse.
The Roaring Forties is a 1908 oil painting by Frederick Judd Waugh.
Live Music Hall Koln 1992  is a live album by Richard Marx released exclusively in Germany.
Predator: Original Motion Picture Soundtrack is the official soundtrack album of the 2004 science fiction film Alien vs. Predator.
The Monument to Zagir Ismagilov is a monument to composer Zagir Ismagilov.
The 2003 Women's British Open was held at Royal Lytham & St Annes Golf Club in Lancashire, England.
Niquiá Ecological Station is an ecological station in the Caracaraí municipality of Roraima state, Brazil.
Queen Ingyeong was a queen consort of King Sukjong of Joseon.
Every Soul Is a Circus is a comedic ballet choreographed by Martha Graham.
Grandson of Morris On is a thematic album produced by Ashley Hutchings.
Les 4 As au collège is a Belgian illustrated novel by Georges Chaulet and François Craenhals.
Portrait of Adele Bloch-Bauer II is a 1912 painting by Gustav Klimt.
The Feinstein Institutes for Medical Research comprise the research arm of Northwell Health.
Saint Anthony Abbot Tempted by a Heap of Gold is a painting by the 15 th-century Sienese painter known as the Master of the Osservanza.
The Zeitschrift für Naturforschung B: A Journal of Chemical Sciences is a scientific journal.
Rob Tenyer  is an American football coach.
Macedonian art is the art of the Macedonian Renaissance in Byzantine art.
The First cabinet of Jón Magnússon was formed 4 January 1917 .
The Anime Encyclopedia: A Guide to Japanese Animation Since 1917  is a 2001 encyclopedia written by Jonathan Clements and Helen McCarthy.
Missa L'Homme armé is a part of a mass by Giovanni Pierluigi da Palestrina.
My Secret Identity is a Canadian television series starring Jerry O'Connell and Derek McGrath.
The United States Senate Health Subcommittee on Employment and Workplace Safety is one of the three subcommittees within the Senate Committee on Health, Education, Labor and Pensions.
The Maiden with the Rose on her Forehead is a Portuguese fairy tale collected by Consiglieri Pedroso in Portuguese Folk-Tales.
Wan Hsa-la is a village in Mong Ton Township in Mong Hsat District, Shan State.
HMS Hibernia was a King Edward VII-class pre-dreadnought battleship of Britain's Royal Navy.
Attica and Boeotia Prefecture was a prefecture of Greece.
Jenny Lake Lodge is located in Grand Teton National Park.
ILGA-Europe is the European region of the International Lesbian, Gay, Bisexual, Trans and Intersex Association.
City of Heroes is a massively multiplayer online role-playing game.
The Ascending branch of medial circumflex femoral artery is a small artery in the thigh.
Amoeba is a distributed operating system developed by Andrew S. Tanenbaum and others at the Vrije Universiteit Amsterdam.
The Narrow Road to the Deep North is a novel by Richard Flanagan.
High Stakes on the Vegas Strip: Poker Edition is a downloadable game on the PlayStation Store.
The  1981 Clemson Tigers football team represented Clemson University in the Atlantic Coast Conference.
The Canadian Warplane Heritage Museum is a Canadian aviation museum located at the John C. Munro Hamilton International Airport in Hamilton, Ontario.
František Brůna ( 13 October 1944 -- 24 April 2017 ) born in Dolní Kralovice was a Czechoslovak handball player who competed in the 1972 Summer Olympics.
Karl Heinrich August von Burow ( 10 November 1809 in Elbing 15 April 1874 in Königsberg ) was a German surgeon and ophthalmologist.
Gustaf III Airport is a public use airport located in Saint Barthélemy.
Jacob Wilhelm Nordan ( 23 February 1824 11 April 1892 ) was a Danish-born, Norwegian architect.
Dongping dialect is a Mandarin Chinese dialect spoken in Dongping County in Shandong province.
Roosevelt, New Jersey: Visions of Utopia is a 1983 documentary.
The Whitefish Bay National Forest Scenic Byway is a National Forest Scenic Byway that runs along Whitefish Bay in the Hiawatha National Forest in the U.S. state of Michigan.
State of the Nation with Jessica Soho is a Philippine television newscast show broadcast by GMA News TV.
Everyday Process: The Process of Illumination & Elimination is an album by group Everyday Process.
Harry Potter and the Prisoner of Azkaban is a 2004 fantasy film directed by Alfonso Cuarón and distributed by Warner Bros. Pictures.
Sonic Runners Adventure is an endless runner platform game published by Gameloft for Android and Java-based mobile phones.
Frank Sinatra Sings the Select Rodgers & Hart is a 1995 compilation album by Frank Sinatra.
Hender Robartes ( November 1635 -- 31 January 1688 ) was an English politician.
Miss Indonesia 2005  is a Miss Indonesia contest.
Betty Boop for President is a 1932 Fleischer Studios animated short film starring Betty Boop.
The Charles C. Glover Memorial Bridge or Massachusetts Avenue Bridge in Northwest Washington, D.C. conveys Massachusetts Avenue over Rock Creek and Rock Creek Park.
Diamonds in the Raw is a studio album of The S.O.S.
Hornblower and the Crisis is a 1967 historical novel by C. S. Forester.
Perpetual Motion People is a 2015 album by Ezra Furman.
Sam McBride is a Toronto Island ferry operated by the Parks, Forestry and Recreation Division of the City of Toronto government.
Phila a daughter of Seleucus I Nicator and Stratonice.
The Final War of Olly Winter was a television play featured on the CBS Playhouse series.
Postcolonial Theory and the Specter of Capital is a 2013 book by the Indian sociologist and New York University professor Vivek Chibber.
The West Briton is a local weekly newspaper.
The Greening of America is a 1970 book by Charles A. Reich.
Jewels in the Crown: All-Star Duets with the Queen is a duets compilation album by American singer Aretha Franklin.
Herman Wilhelm Bissen ( 13 October 1798 -- 10 March 1868 ) was a Danish sculptor.
Muriel Emma Bell CBE ( 4 January 1898 -- 2 May 1974 ) was a New Zealand nutritionist and medical researcher.
The Boy in the Sailor Suit is a studio album by Dave Cousins.
Judgement of Martin Bucer by John Milton was published on 15 July 1644 .
World Sinfonía III -- The Grande Passion is an album by jazz guitarist Al Di Meola that was released in 2000 .
Oscar Peterson et Joe Pass à Salle Pleyel is an album by Oscar Peterson and Joe Pass that was released in 1975 .
The Naqada culture is an archaeological culture of Chalcolithic Predynastic Egypt.
CBGB Forever is a compilation album produced by Josh Abraham.
The Barnstable County Correctional Facility is the county jail for Barnstable County.
San Salvador and Rum Cay is a district of the Bahamas.
This Glorious Grace is an album from Austin Stone Worship.
Cerro de La Isla is a mountain in the Andes of Chile.
Abani Bari Achho is a poem by Shakti Chattopadhyay.
Canciones Para Un Paraíso En Vivo is a live album by Spanish singer-songwriter Alejandro Sanz.
Sanjak of Bolu was a sanjak of the Ottoman Empire.
Windsor University School of Medicine is a private medical school located in Cayon, Saint Mary Cayon Parish, Saint Kitts and Nevis in the Caribbean.
Prince Andrei Nikolayevich Bolkonsky is a fictional character in Leo Tolstoy's novel War and Peace.
Centro Neuro Psychiatrique de Nouakchott is a psychiatric hospital in Nouakchott, Mauritania.
Bobby Vinton Sings Satin Pillows and Careless is Bobby Vinton's thirteenth studio album, released in January  1966 .
The Circle K Firecracker 250 powered by Coca-Cola is a NASCAR Xfinity Series race that is held at Daytona International Speedway.
Love in the Time of Foreclosure is a memoir by Stephanie Alison Walker.
Jacob "Jake" Featherston is a fictional character in the Southern Victory Series novel series by Harry Turtledove.
Te Puka e Mua is an islet in Tokelau.
The  2009 Korea Professional Baseball season was a season in the history of the KBO League.
The Jeju Volcanic Island and Lava Tubes is a World Heritage Site in South Korea.
Entre ciment et belle étoile is a 2006 studio album by Argentinian-French rapper Keny Arkana.
Hero of Labour of the Russian Federation is a state award of the Russian Federation.
The Eastleigh–Fareham line is the railway line from Eastleigh to Fareham in the United Kingdom.
Drowning in the Sea, Rising with the Sun is a compilation album by the punk band Swingin' Utters.
The Battle of Jericho by Sharon M. Draper is a young adult novel.
Mary: The Making of a Princess is an Australian television film produced for Network Ten.
Black Noise: Rap Music and Black Culture in Contemporary America is a 1994 book by Tricia Rose.
Dies the Fire is a 2004 alternate history and post-apocalyptic novel written by S. M. Stirling.
Eye of the Eagle 2 : Inside the Enemy is a 1989 film directed by Carl Franklin.
Ski jumping at the 2017 Winter Universiade was held in Sunkar International Ski Jumping Complex from 1 to 5 February, 2017 .
Dietrich Opitz ( 13 January 1901 -- 2 January 1992 ) was a German assyriologist.
If I Were You is a 2012 Canadian-British comedy-drama from Joan Carr-Wiggin starring Marcia Gay Harden, Leonor Watling and Aidan Quinn.
StarDate is a science radio program of the University of Texas at Austin McDonald Observatory, broadcast on over 360 radio stations.
The Cycle of Terror and Tragedy is a painting by Graydon Parrish.
The Life and Miracles of St. William of Norwich is a hagiography by the monk Thomas of Monmouth that was written in 1173 .
The Fisheries and Illinois Aquaculture Center at Southern Illinois University Carbondale ( SIUC ) was founded by Dr. William M. Lewis, Senior in 1950 .
Kolonia Siedzów is part of Szymanowice Małe village, Gmina Sobienie-Jeziory.
Los Osos Oaks State Natural Reserve is a California State Park in western San Luis Obispo County, in the Central Coast of California region.
The Tower Hamlets St George by-election was a Parliamentary by-election in 1910.
Between Iraq and a Hard Place is a 2003 album by the Capitol Steps.
Layton's Mystery Journey: Katrielle and the Millionaires' Conspiracy is a puzzle video game developed and published by Level- 5 .
Superman: La Atracción de Acero is a steel floorless roller coaster at Parque Warner Madrid in Spain.
Robert Cornelis Napier, 1 st Baron Napier of Magdala ( 6 December 1810 -- 14 January 1890 ) was an Indian Army officer.
The Dicastery for the Laity, Family and Life is a dicastery of the Roman Curia.
Cooked: A Natural History of Transformation is a 2013 book by Michael Pollan.
The  2016 World Draughts Championship match  at the international draughts was hold on December 3 -- 18 in the Netherlands under auspice International Draughts Federation FMJD.
Race Against Time: Searching for Hope in AIDS-Ravaged Africa is a non-fiction book written by Stephen Lewis for the Massey Lectures.
A Year of the Quiet Sun is a 1984 Polish film written and directed by Krzysztof Zanussi and starring Maja Komorowska and Scott Wilson.
Bulk and Skull are fictional characters in the Power Rangers universe.
Ruvubu National Park is a national park in Burundi covering .
20 Years of Jethro Tull: Highlights is a studio album by Jethro Tull.
Lost and Found on a South Sea Island is a  1923 drama film directed by Raoul Walsh and produced by Samuel Goldwyn.
The White Tower is a 1945 novel by James Ramsey Ullman.
The  1890 AHAC season was the fourth season of the Amateur Hockey Association of Canada.
The Adana 5 Ocak Stadium is a multi-purpose stadium in Adana, Turkey.